// Vitest Snapshot v1

exports[`parse > generateExportAllRaw 1`] = `"export * from \\"./exports\\";"`;

exports[`parse > generateRaw 1`] = `
"export { utilB, a, b, d, ClassName, e, f, g1, h2, bar } from \\"./exports\\";
export type { Type } from \\"./exports\\";"
`;

exports[`parse > parseExport 1`] = `
{
  "default": "l",
  "defaultType": undefined,
  "namedTypes": [],
  "nameds": [
    "utilB",
    "a",
    "b",
    "d",
    "ClassName",
    "e",
    "f",
    "g1",
    "h2",
    "bar",
  ],
}
`;

exports[`parse > parseTSExport 1`] = `
{
  "default": undefined,
  "defaultType": undefined,
  "namedTypes": [
    "Type",
    "StringValidator",
  ],
  "nameds": [
    "ZipCodeValidator",
    "mainValidator",
    "T",
  ],
}
`;
